[2026-09-28 22:51:38] REJECTED TOPIC: "15 Chic September Nail Ideas"
   Cleaned Topic  : "september nail"
   Matched Post   : [ID: 3376] "September Fall Nails"
   Post URL       : https://nailosmetic.com/september-fall-nails/
   Post Date      : 2026-09-21
   Match Overlap  : 100.0%
   Reason         : Recency rule: 'September Fall Nails' published 7 days ago (<= 45 days) with 100.0% topic match.
--------------------------------------------------------------------------------
[2026-09-28 22:51:38] REJECTED TOPIC: "Back to School Nail Art for Campus"
   Cleaned Topic  : "back school nail art campu"
   Matched Post   : [ID: 2288] "10 Sophisticated Back to School Nails Short Designs That Redefine Campus Chic"
   Post URL       : https://nailosmetic.com/back-to-school-nails-short/
   Post Date      : 2026-07-20
   Match Overlap  : 80.0%
   Reason         : High topic overlap (80.0% >= 80%) with existing post [ID: 2288] '10 Sophisticated Back to School Nails Short Designs That Redefine Campus Chic'.
--------------------------------------------------------------------------------
[2026-09-28 22:51:38] REJECTED TOPIC: "Cute Fall Nails Burgundy Style"
   Cleaned Topic  : "fall nail burgundy"
   Matched Post   : [ID: 3481] "Fall Nails Red Burgundy"
   Post URL       : https://nailosmetic.com/fall-nails-red-burgundy/
   Post Date      : 2026-09-27
   Match Overlap  : 100.0%
   Reason         : Recency rule: 'Fall Nails Red Burgundy' published 1 days ago (<= 45 days) with 100.0% topic match.
--------------------------------------------------------------------------------
[2026-09-28 22:51:38] REJECTED TOPIC: "Fall Nails Brown Chrome 2026"
   Cleaned Topic  : "fall nail brown chrome"
   Matched Post   : [ID: 3322] "Fall Nails Brown Chrome"
   Post URL       : https://nailosmetic.com/fall-nails-brown-chrome/
   Post Date      : 2026-09-18
   Match Overlap  : 100.0%
   Reason         : Recency rule: 'Fall Nails Brown Chrome' published 10 days ago (<= 45 days) with 100.0% topic match.
--------------------------------------------------------------------------------
[2026-09-28 22:51:38] REJECTED TOPIC: "Spooky Halloween Skull Makeup"
   Cleaned Topic  : "spooky halloween skull makeup"
   Matched Post   : [ID: 3144] "Spooky Cute Skull Makeup Easy"
   Post URL       : https://nailosmetic.com/spooky-cute-skull-makeup-easy/
   Post Date      : 2026-09-09
   Match Overlap  : 85.7%
   Reason         : Recency rule: 'Spooky Cute Skull Makeup Easy' published 19 days ago (<= 45 days) with 85.7% topic match.
--------------------------------------------------------------------------------
[2026-09-28 22:51:38] REJECTED TOPIC: "7 Fresh Spring Floral Nail Designs"
   Cleaned Topic  : "spring floral nail"
   Matched Post   : [ID: 2744] "10 Fresh Spring Nail Trends for Short Nails: Elevate Your Manicure in 2024"
   Post URL       : https://nailosmetic.com/fresh-spring-nail-trends/
   Post Date      : 2026-08-19
   Match Overlap  : 66.7%
   Reason         : Recency rule: '10 Fresh Spring Nail Trends for Short Nails: Elevate Your Manicure in 2024' published 40 days ago (<= 45 days) with 66.7% topic match.
--------------------------------------------------------------------------------
[2026-09-28 22:51:38] REJECTED TOPIC: "Bio-Synthetic Hybrid Hair Extensions 2027"
   Cleaned Topic  : "bio synthetic hybrid hair extension"
   Matched Post   : [ID: 2030] "The Rise of Bio-Synthetic Hybrid Extensions: A 2027 Guide to Texture Matching"
   Post URL       : https://nailosmetic.com/bio-synthetic-hybrid-hair-extensions/
   Post Date      : 2026-07-07
   Match Overlap  : 100.0%
   Reason         : High topic overlap (100.0% >= 80%) with existing post [ID: 2030] 'The Rise of Bio-Synthetic Hybrid Extensions: A 2027 Guide to Texture Matching'.
--------------------------------------------------------------------------------
[2026-09-28 22:54:19] REJECTED TOPIC: "15 Chic September Nail Ideas"
   Cleaned Topic  : "september nail"
   Matched Post   : [ID: 3376] "September Fall Nails"
   Post URL       : https://nailosmetic.com/september-fall-nails/
   Post Date      : 2026-09-21
   Match Overlap  : 100.0%
   Reason         : Recency rule: 'September Fall Nails' published 7 days ago (<= 45 days) with 100.0% topic match.
--------------------------------------------------------------------------------
[2026-09-28 22:55:48] REJECTED TOPIC: "15 Chic September Nail Ideas"
   Cleaned Topic  : "september nail"
   Matched Post   : [ID: 3376] "September Fall Nails"
   Post URL       : https://nailosmetic.com/september-fall-nails/
   Post Date      : 2026-09-21
   Match Overlap  : 100.0%
   Reason         : Recency rule: 'September Fall Nails' published 7 days ago (<= 45 days) with 100.0% topic match.
--------------------------------------------------------------------------------
[2026-09-28 22:57:30] REJECTED TOPIC: "15 Chic September Nail Ideas"
   Cleaned Topic  : "september nail"
   Matched Post   : [ID: 2699] "15 Chic September Nail Ideas to Transition Into Autumn"
   Post URL       : https://nailosmetic.com/september-nail-ideas/
   Post Date      : 2026-08-16
   Match Overlap  : 100.0%
   Reason         : Recency rule: '15 Chic September Nail Ideas to Transition Into Autumn' published 43 days ago (<= 45 days) with 100.0% topic match.
--------------------------------------------------------------------------------
[2026-09-28 22:57:38] REJECTED TOPIC: "15 Chic September Nail Ideas"
   Cleaned Topic  : "september nail"
   Matched Post   : [ID: 2699] "15 Chic September Nail Ideas to Transition Into Autumn"
   Post URL       : https://nailosmetic.com/september-nail-ideas/
   Post Date      : 2026-08-16
   Match Overlap  : 100.0%
   Reason         : Recency rule: '15 Chic September Nail Ideas to Transition Into Autumn' published 43 days ago (<= 45 days) with 100.0% topic match.
--------------------------------------------------------------------------------
[2026-09-28 22:57:39] REJECTED TOPIC: "Back to School Nail Art for Campus"
   Cleaned Topic  : "back school nail art campu"
   Matched Post   : [ID: 501] "15+ Chic Back to School Nail Art Ideas for a Stylish Return"
   Post URL       : https://nailosmetic.com/back-to-school-nail-art/
   Post Date      : 2026-04-21
   Match Overlap  : 80.0%
   Reason         : High topic overlap (80.0% >= 80%) with existing post [ID: 501] '15+ Chic Back to School Nail Art Ideas for a Stylish Return'.
--------------------------------------------------------------------------------
[2026-09-28 22:57:39] REJECTED TOPIC: "Cute Fall Nails Burgundy Style"
   Cleaned Topic  : "fall nail burgundy"
   Matched Post   : [ID: 3481] "Fall Nails Red Burgundy"
   Post URL       : https://nailosmetic.com/fall-nails-red-burgundy/
   Post Date      : 2026-09-27
   Match Overlap  : 100.0%
   Reason         : Recency rule: 'Fall Nails Red Burgundy' published 1 days ago (<= 45 days) with 100.0% topic match.
--------------------------------------------------------------------------------
[2026-09-28 22:57:39] REJECTED TOPIC: "Fall Nails Brown Chrome 2026"
   Cleaned Topic  : "fall nail brown chrome"
   Matched Post   : [ID: 3322] "Fall Nails Brown Chrome"
   Post URL       : https://nailosmetic.com/fall-nails-brown-chrome/
   Post Date      : 2026-09-18
   Match Overlap  : 100.0%
   Reason         : Recency rule: 'Fall Nails Brown Chrome' published 10 days ago (<= 45 days) with 100.0% topic match.
--------------------------------------------------------------------------------
[2026-09-28 22:57:39] REJECTED TOPIC: "Spooky Halloween Skull Makeup"
   Cleaned Topic  : "spooky halloween skull makeup"
   Matched Post   : [ID: 3144] "Spooky Cute Skull Makeup Easy"
   Post URL       : https://nailosmetic.com/spooky-cute-skull-makeup-easy/
   Post Date      : 2026-09-09
   Match Overlap  : 85.7%
   Reason         : Recency rule: 'Spooky Cute Skull Makeup Easy' published 19 days ago (<= 45 days) with 85.7% topic match.
--------------------------------------------------------------------------------
[2026-09-28 22:57:39] REJECTED TOPIC: "7 Fresh Spring Floral Nail Designs"
   Cleaned Topic  : "spring floral nail"
   Matched Post   : [ID: 2744] "10 Fresh Spring Nail Trends for Short Nails: Elevate Your Manicure in 2024"
   Post URL       : https://nailosmetic.com/fresh-spring-nail-trends/
   Post Date      : 2026-08-19
   Match Overlap  : 66.7%
   Reason         : Recency rule: '10 Fresh Spring Nail Trends for Short Nails: Elevate Your Manicure in 2024' published 40 days ago (<= 45 days) with 66.7% topic match.
--------------------------------------------------------------------------------
[2026-09-28 22:57:39] REJECTED TOPIC: "Bio-Synthetic Hybrid Hair Extensions 2027"
   Cleaned Topic  : "bio synthetic hybrid hair extension"
   Matched Post   : [ID: 1364] "The Rise of Bio-Synthetic Hybrid Hair Extensions: A 2027 Styling Guide"
   Post URL       : https://nailosmetic.com/bio-synthetic-hybrid-hair-extensions-guide-2/
   Post Date      : 2026-05-31
   Match Overlap  : 100.0%
   Reason         : High topic overlap (100.0% >= 80%) with existing post [ID: 1364] 'The Rise of Bio-Synthetic Hybrid Hair Extensions: A 2027 Styling Guide'.
--------------------------------------------------------------------------------
[2026-09-28 23:00:18] REJECTED TOPIC: "15 Chic September Nail Ideas"
   Cleaned Topic  : "september nail"
   Matched Post   : [ID: 2699] "15 Chic September Nail Ideas to Transition Into Autumn"
   Post URL       : https://nailosmetic.com/september-nail-ideas/
   Post Date      : 2026-08-16
   Match Overlap  : 100.0%
   Reason         : Recency rule: '15 Chic September Nail Ideas to Transition Into Autumn' published 43 days ago (<= 45 days) with 100.0% topic match.
--------------------------------------------------------------------------------
[2026-09-28 23:00:18] REJECTED TOPIC: "Back to School Nail Art for Campus"
   Cleaned Topic  : "back school nail art campu"
   Matched Post   : [ID: 501] "15+ Chic Back to School Nail Art Ideas for a Stylish Return"
   Post URL       : https://nailosmetic.com/back-to-school-nail-art/
   Post Date      : 2026-04-21
   Match Overlap  : 80.0%
   Reason         : High topic overlap (80.0% >= 80%) with existing post [ID: 501] '15+ Chic Back to School Nail Art Ideas for a Stylish Return'.
--------------------------------------------------------------------------------
[2026-09-28 23:00:18] REJECTED TOPIC: "Cute Fall Nails Burgundy Style"
   Cleaned Topic  : "fall nail burgundy"
   Matched Post   : [ID: 3481] "Fall Nails Red Burgundy"
   Post URL       : https://nailosmetic.com/fall-nails-red-burgundy/
   Post Date      : 2026-09-27
   Match Overlap  : 100.0%
   Reason         : Recency rule: 'Fall Nails Red Burgundy' published 1 days ago (<= 45 days) with 100.0% topic match.
--------------------------------------------------------------------------------
[2026-09-28 23:00:18] REJECTED TOPIC: "Fall Nails Brown Chrome 2026"
   Cleaned Topic  : "fall nail brown chrome"
   Matched Post   : [ID: 3322] "Fall Nails Brown Chrome"
   Post URL       : https://nailosmetic.com/fall-nails-brown-chrome/
   Post Date      : 2026-09-18
   Match Overlap  : 100.0%
   Reason         : Recency rule: 'Fall Nails Brown Chrome' published 10 days ago (<= 45 days) with 100.0% topic match.
--------------------------------------------------------------------------------
[2026-09-28 23:00:18] REJECTED TOPIC: "Spooky Halloween Skull Makeup"
   Cleaned Topic  : "spooky halloween skull makeup"
   Matched Post   : [ID: 3144] "Spooky Cute Skull Makeup Easy"
   Post URL       : https://nailosmetic.com/spooky-cute-skull-makeup-easy/
   Post Date      : 2026-09-09
   Match Overlap  : 85.7%
   Reason         : Recency rule: 'Spooky Cute Skull Makeup Easy' published 19 days ago (<= 45 days) with 85.7% topic match.
--------------------------------------------------------------------------------
[2026-09-28 23:00:18] REJECTED TOPIC: "7 Fresh Spring Floral Nail Designs"
   Cleaned Topic  : "spring floral nail"
   Matched Post   : [ID: 2744] "10 Fresh Spring Nail Trends for Short Nails: Elevate Your Manicure in 2024"
   Post URL       : https://nailosmetic.com/fresh-spring-nail-trends/
   Post Date      : 2026-08-19
   Match Overlap  : 66.7%
   Reason         : Recency rule: '10 Fresh Spring Nail Trends for Short Nails: Elevate Your Manicure in 2024' published 40 days ago (<= 45 days) with 66.7% topic match.
--------------------------------------------------------------------------------
[2026-09-28 23:00:18] REJECTED TOPIC: "Bio-Synthetic Hybrid Hair Extensions 2027"
   Cleaned Topic  : "bio synthetic hybrid hair extension"
   Matched Post   : [ID: 1364] "The Rise of Bio-Synthetic Hybrid Hair Extensions: A 2027 Styling Guide"
   Post URL       : https://nailosmetic.com/bio-synthetic-hybrid-hair-extensions-guide-2/
   Post Date      : 2026-05-31
   Match Overlap  : 100.0%
   Reason         : High topic overlap (100.0% >= 80%) with existing post [ID: 1364] 'The Rise of Bio-Synthetic Hybrid Hair Extensions: A 2027 Styling Guide'.
--------------------------------------------------------------------------------
[2026-09-28 23:08:11] REJECTED TOPIC: "15 Chic September Nail Ideas"
   Cleaned Topic  : "september nail"
   Matched Post   : [ID: 2699] "15 Chic September Nail Ideas to Transition Into Autumn"
   Post URL       : https://nailosmetic.com/september-nail-ideas/
   Post Date      : 2026-08-16
   Match Overlap  : 100.0%
   Reason         : Recency rule: '15 Chic September Nail Ideas to Transition Into Autumn' published 43 days ago (<= 45 days) with 100.0% topic match.
--------------------------------------------------------------------------------
[2026-09-28 23:08:11] REJECTED TOPIC: "Back to School Nail Art for Campus"
   Cleaned Topic  : "back school nail art campu"
   Matched Post   : [ID: 501] "15+ Chic Back to School Nail Art Ideas for a Stylish Return"
   Post URL       : https://nailosmetic.com/back-to-school-nail-art/
   Post Date      : 2026-04-21
   Match Overlap  : 80.0%
   Reason         : High topic overlap (80.0% >= 80%) with existing post [ID: 501] '15+ Chic Back to School Nail Art Ideas for a Stylish Return'.
--------------------------------------------------------------------------------
[2026-09-28 23:08:11] REJECTED TOPIC: "Cute Fall Nails Burgundy Style"
   Cleaned Topic  : "fall nail burgundy"
   Matched Post   : [ID: 3481] "Fall Nails Red Burgundy"
   Post URL       : https://nailosmetic.com/fall-nails-red-burgundy/
   Post Date      : 2026-09-27
   Match Overlap  : 100.0%
   Reason         : Recency rule: 'Fall Nails Red Burgundy' published 1 days ago (<= 45 days) with 100.0% topic match.
--------------------------------------------------------------------------------
[2026-09-28 23:08:11] REJECTED TOPIC: "Fall Nails Brown Chrome 2026"
   Cleaned Topic  : "fall nail brown chrome"
   Matched Post   : [ID: 3322] "Fall Nails Brown Chrome"
   Post URL       : https://nailosmetic.com/fall-nails-brown-chrome/
   Post Date      : 2026-09-18
   Match Overlap  : 100.0%
   Reason         : Recency rule: 'Fall Nails Brown Chrome' published 10 days ago (<= 45 days) with 100.0% topic match.
--------------------------------------------------------------------------------
[2026-09-28 23:08:11] REJECTED TOPIC: "Spooky Halloween Skull Makeup"
   Cleaned Topic  : "spooky halloween skull makeup"
   Matched Post   : [ID: 3144] "Spooky Cute Skull Makeup Easy"
   Post URL       : https://nailosmetic.com/spooky-cute-skull-makeup-easy/
   Post Date      : 2026-09-09
   Match Overlap  : 85.7%
   Reason         : Recency rule: 'Spooky Cute Skull Makeup Easy' published 19 days ago (<= 45 days) with 85.7% topic match.
--------------------------------------------------------------------------------
[2026-09-28 23:08:11] REJECTED TOPIC: "Bio-Synthetic Hybrid Hair Extensions 2027"
   Cleaned Topic  : "bio synthetic hybrid hair extension"
   Matched Post   : [ID: 1364] "The Rise of Bio-Synthetic Hybrid Hair Extensions: A 2027 Styling Guide"
   Post URL       : https://nailosmetic.com/bio-synthetic-hybrid-hair-extensions-guide-2/
   Post Date      : 2026-05-31
   Match Overlap  : 100.0%
   Reason         : High topic overlap (100.0% >= 80%) with existing post [ID: 1364] 'The Rise of Bio-Synthetic Hybrid Hair Extensions: A 2027 Styling Guide'.
--------------------------------------------------------------------------------
[2026-09-28 23:08:42] REJECTED TOPIC: "15 Chic September Nail Ideas"
   Cleaned Topic  : "september nail"
   Matched Post   : [ID: 2699] "15 Chic September Nail Ideas to Transition Into Autumn"
   Post URL       : https://nailosmetic.com/september-nail-ideas/
   Post Date      : 2026-08-16
   Match Overlap  : 100.0%
   Reason         : Recency rule: '15 Chic September Nail Ideas to Transition Into Autumn' published 43 days ago (<= 45 days) with 100.0% topic match.
--------------------------------------------------------------------------------
[2026-09-28 23:08:42] REJECTED TOPIC: "Back to School Nail Art for Campus"
   Cleaned Topic  : "back school nail art campu"
   Matched Post   : [ID: 501] "15+ Chic Back to School Nail Art Ideas for a Stylish Return"
   Post URL       : https://nailosmetic.com/back-to-school-nail-art/
   Post Date      : 2026-04-21
   Match Overlap  : 80.0%
   Reason         : High topic overlap (80.0% >= 80%) with existing post [ID: 501] '15+ Chic Back to School Nail Art Ideas for a Stylish Return'.
--------------------------------------------------------------------------------
[2026-09-28 23:08:42] REJECTED TOPIC: "Cute Fall Nails Burgundy Style"
   Cleaned Topic  : "fall nail burgundy"
   Matched Post   : [ID: 3481] "Fall Nails Red Burgundy"
   Post URL       : https://nailosmetic.com/fall-nails-red-burgundy/
   Post Date      : 2026-09-27
   Match Overlap  : 100.0%
   Reason         : Recency rule: 'Fall Nails Red Burgundy' published 1 days ago (<= 45 days) with 100.0% topic match.
--------------------------------------------------------------------------------
[2026-09-28 23:08:42] REJECTED TOPIC: "Fall Nails Brown Chrome 2026"
   Cleaned Topic  : "fall nail brown chrome"
   Matched Post   : [ID: 3322] "Fall Nails Brown Chrome"
   Post URL       : https://nailosmetic.com/fall-nails-brown-chrome/
   Post Date      : 2026-09-18
   Match Overlap  : 100.0%
   Reason         : Recency rule: 'Fall Nails Brown Chrome' published 10 days ago (<= 45 days) with 100.0% topic match.
--------------------------------------------------------------------------------
[2026-09-28 23:08:42] REJECTED TOPIC: "Spooky Halloween Skull Makeup"
   Cleaned Topic  : "spooky halloween skull makeup"
   Matched Post   : [ID: 3144] "Spooky Cute Skull Makeup Easy"
   Post URL       : https://nailosmetic.com/spooky-cute-skull-makeup-easy/
   Post Date      : 2026-09-09
   Match Overlap  : 85.7%
   Reason         : Recency rule: 'Spooky Cute Skull Makeup Easy' published 19 days ago (<= 45 days) with 85.7% topic match.
--------------------------------------------------------------------------------
[2026-09-28 23:08:42] REJECTED TOPIC: "Bio-Synthetic Hybrid Hair Extensions 2027"
   Cleaned Topic  : "bio synthetic hybrid hair extension"
   Matched Post   : [ID: 1364] "The Rise of Bio-Synthetic Hybrid Hair Extensions: A 2027 Styling Guide"
   Post URL       : https://nailosmetic.com/bio-synthetic-hybrid-hair-extensions-guide-2/
   Post Date      : 2026-05-31
   Match Overlap  : 100.0%
   Reason         : High topic overlap (100.0% >= 80%) with existing post [ID: 1364] 'The Rise of Bio-Synthetic Hybrid Hair Extensions: A 2027 Styling Guide'.
--------------------------------------------------------------------------------
[2026-09-28 23:20:30] REJECTED TOPIC: "15 Chic September Nail Ideas"
   Cleaned Topic  : "september nail"
   Matched Post   : [ID: 2699] "15 Chic September Nail Ideas to Transition Into Autumn"
   Post URL       : https://nailosmetic.com/september-nail-ideas/
   Post Date      : 2026-08-16
   Match Overlap  : 100.0%
   Reason         : Recency rule: '15 Chic September Nail Ideas to Transition Into Autumn' published 43 days ago (<= 45 days) with 100.0% topic match.
--------------------------------------------------------------------------------
[2026-09-28 23:20:30] REJECTED TOPIC: "Back to School Nail Art for Campus"
   Cleaned Topic  : "back school nail art campu"
   Matched Post   : [ID: 501] "15+ Chic Back to School Nail Art Ideas for a Stylish Return"
   Post URL       : https://nailosmetic.com/back-to-school-nail-art/
   Post Date      : 2026-04-21
   Match Overlap  : 80.0%
   Reason         : High topic overlap (80.0% >= 80%) with existing post [ID: 501] '15+ Chic Back to School Nail Art Ideas for a Stylish Return'.
--------------------------------------------------------------------------------
[2026-09-28 23:20:30] REJECTED TOPIC: "Cute Fall Nails Burgundy Style"
   Cleaned Topic  : "fall nail burgundy"
   Matched Post   : [ID: 3481] "Fall Nails Red Burgundy"
   Post URL       : https://nailosmetic.com/fall-nails-red-burgundy/
   Post Date      : 2026-09-27
   Match Overlap  : 100.0%
   Reason         : Recency rule: 'Fall Nails Red Burgundy' published 1 days ago (<= 45 days) with 100.0% topic match.
--------------------------------------------------------------------------------
[2026-09-28 23:20:30] REJECTED TOPIC: "Fall Nails Brown Chrome 2026"
   Cleaned Topic  : "fall nail brown chrome"
   Matched Post   : [ID: 3322] "Fall Nails Brown Chrome"
   Post URL       : https://nailosmetic.com/fall-nails-brown-chrome/
   Post Date      : 2026-09-18
   Match Overlap  : 100.0%
   Reason         : Recency rule: 'Fall Nails Brown Chrome' published 10 days ago (<= 45 days) with 100.0% topic match.
--------------------------------------------------------------------------------
[2026-09-28 23:20:30] REJECTED TOPIC: "Spooky Halloween Skull Makeup"
   Cleaned Topic  : "spooky halloween skull makeup"
   Matched Post   : [ID: 3144] "Spooky Cute Skull Makeup Easy"
   Post URL       : https://nailosmetic.com/spooky-cute-skull-makeup-easy/
   Post Date      : 2026-09-09
   Match Overlap  : 85.7%
   Reason         : Recency rule: 'Spooky Cute Skull Makeup Easy' published 19 days ago (<= 45 days) with 85.7% topic match.
--------------------------------------------------------------------------------
[2026-09-28 23:20:30] REJECTED TOPIC: "Bio-Synthetic Hybrid Hair Extensions 2027"
   Cleaned Topic  : "bio synthetic hybrid hair extension"
   Matched Post   : [ID: 1364] "The Rise of Bio-Synthetic Hybrid Hair Extensions: A 2027 Styling Guide"
   Post URL       : https://nailosmetic.com/bio-synthetic-hybrid-hair-extensions-guide-2/
   Post Date      : 2026-05-31
   Match Overlap  : 100.0%
   Reason         : High topic overlap (100.0% >= 80%) with existing post [ID: 1364] 'The Rise of Bio-Synthetic Hybrid Hair Extensions: A 2027 Styling Guide'.
--------------------------------------------------------------------------------
[2026-09-30 17:18:00] REJECTED TOPIC: "black hair halloween costumes for women"
   Cleaned Topic  : "black hair halloween costumes for women"
   Matched Post   : [ID: 2384] "Trendy Halloween Nails"
   Reason         : Topic gate flagged cannibalization or overlap with existing post
--------------------------------------------------------------------------------
[2026-10-01 00:19:30] REJECTED TOPIC: "fall nails with designs"
   Cleaned Topic  : "fall nail"
   Matched Post   : [ID: 2528] "15 Chic Nail Ideas Fall 2026: The Ultimate Seasonal Trend Report"
   Post URL       : https://nailosmetic.com/fall-themed-nails-simple/
   Post Date      : 2026-08-05
   Match Overlap  : 100.0%
   Reason         : High topic overlap (100.0% >= 80%) with existing post [ID: 2528] '15 Chic Nail Ideas Fall 2026: The Ultimate Seasonal Trend Report'.
--------------------------------------------------------------------------------
[2026-10-01 15:58:21] REJECTED TOPIC: "cute hoco hairstyles"
   Cleaned Topic  : "hoco hair"
   Matched Post   : [ID: 3398] "Hoco Half Up Half Down Hair"
   Post URL       : https://nailosmetic.com/hoco-half-up-half-down-hair/
   Post Date      : 2026-09-23
   Match Overlap  : 100.0%
   Reason         : Recency rule: 'Hoco Half Up Half Down Hair' published 8 days ago (<= 45 days) with 100.0% topic match.
--------------------------------------------------------------------------------
[2026-10-03 00:07:13] REJECTED TOPIC: "trendy halloween costumes"
   Cleaned Topic  : "halloween costume"
   Matched Post   : [ID: 2384] "7 Show-Stopping Black Hair Halloween Costumes: Expert Styling Guide"
   Post URL       : https://nailosmetic.com/black-hair-halloween-costumes/
   Post Date      : 2026-07-27
   Match Overlap  : 100.0%
   Reason         : High topic overlap (100.0% >= 80%) with existing post [ID: 2384] '7 Show-Stopping Black Hair Halloween Costumes: Expert Styling Guide'.
--------------------------------------------------------------------------------
[2026-10-03 00:07:13] REJECTED TOPIC: "y2k school outfits"
   Cleaned Topic  : "school outfit"
   Matched Post   : [ID: 2789] "Noah Kahan Concert Outfit Guide: 7 Chic Looks for the ‘Stick Season’ Vibe"
   Post URL       : https://nailosmetic.com/noah-kahan-concert-outfit/
   Post Date      : 2026-08-22
   Match Overlap  : 50.0%
   Reason         : Recency rule: 'Noah Kahan Concert Outfit Guide: 7 Chic Looks for the ‘Stick Season’ Vibe' published 42 days ago (<= 45 days) with 50.0% topic match.
--------------------------------------------------------------------------------
[2026-10-03 14:07:30] REJECTED TOPIC: "easy homecoming hair"
   Cleaned Topic  : "homecoming hair"
   Matched Post   : [ID: 3471] "Easy Homecoming Hairstyles"
   Post URL       : https://nailosmetic.com/simple-hoco-hairstyles/
   Post Date      : 2026-09-26
   Match Overlap  : 100.0%
   Reason         : Recency rule: 'Easy Homecoming Hairstyles' published 7 days ago (<= 45 days) with 100.0% topic match.
--------------------------------------------------------------------------------
[2026-10-03 23:29:59] REJECTED TOPIC: "fall nails autumn"
   Cleaned Topic  : "fall nail autumn"
   Matched Post   : [ID: 2645] "10 Chicest Fall Nails Square Designs to Elevate Your Autumn Aesthetic"
   Post URL       : https://nailosmetic.com/fall-nails-square/
   Post Date      : 2026-08-13
   Match Overlap  : 100.0%
   Reason         : High topic overlap (100.0% >= 80%) with existing post [ID: 2645] '10 Chicest Fall Nails Square Designs to Elevate Your Autumn Aesthetic'.
--------------------------------------------------------------------------------
